{
    "cambria.partition": "AAI",
    "event-header": {
        "severity": "NORMAL",
        "entity-type": "pserver",
        "top-entity-type": "pserver",
        "entity-link": "/aai/v14/cloud-infrastructure/pservers/pserver/pserver1",
        "event-type": "AAI-EVENT",
        "domain": "devINT1",
        "action": "CREATE",
        "sequence-number": "0",
        "id": "someTransaction",
        "source-name": "test",
        "version": "v14",
    },
    "entity": {
        "ptnii-equip-name": "example-ptnii-equip-name-val-36969",
        "ipaddress-v6-loopback-0": "example-ipaddress-v6-loopback0-val-17856",
        "equip-vendor": "example-equip-vendor-val-37452",
        "purpose": "example-purpose-val-90218",
        "pserver-selflink": "example-pserver-selflink-val-10125",
        "number-of-cpus": 62220,
        "ipaddress-v6-aim": "example-ipaddress-v6-aim-val-6210",
        "pserver-name2": "example-pserver-name2-val-53802",
        "hostname": "pserver1",
        "inv-status": "example-inv-status-val-3682",
        "disk-in-gigabytes": 872,
        "equip-type": "example-equip-type-val-22986",
        "fqdn": "example-fqdn-val-33429",
        "serial-number": "example-serial-number-val-12010",
        "ipaddress-v6-oam": "example-ipaddress-v6-oam-val-40977",
        "pserver-id": "example-pserver-id-val-82142",
        "prov-status": "example-prov-status-val-11642",
        "ipv4-oam-address": "example-ipv4-oam-address-val-3155",
        "ipaddress-v4-loopback-0": "example-ipaddress-v4-loopback0-val-77686",
        "equip-model": "example-equip-model-val-14665",
        "in-maint": true,
        "ram-in-megabytes": 35331,
        "ipaddress-v4-aim": "example-ipaddress-v4-aim-val-33665",
        "management-option": "example-management-option-val-91111",
        "internet-topology": "example-internet-topology-val-56425",
        "host-profile": "example-host-profile-val-36247"
    }
}
