<results>
    <result>
        <related-to>
            <node>
                <relationship-label>org.onap.relationships.inventory.LocatedIn</relationship-label>
                <node-type>complex</node-type>
                <id>286724232</id>
                <url>/aai/v18/cloud-infrastructure/complexes/complex/testcomplex2</url>
            </node>
            <node>
                <relationship-label>org.onap.relationships.inventory.LocatedIn</relationship-label>
                <node-type>complex</node-type>
                <id>286724233</id>
                <url>/aai/v18/cloud-infrastructure/complexes/complex/testcomplex1</url>
            </node>
        </related-to>
        <node-type>pserver</node-type>
        <id>286724136</id>
        <url>/aai/v18/cloud-infrastructure/pservers/pserver/test-pserver1</url>
        <properties>
            <aai-last-mod-ts>1568997029298</aai-last-mod-ts>
            <ptnii-equip-name>test-pserver1</ptnii-equip-name>
            <equip-type>SERVER</equip-type>
            <equip-vendor>SomeVendor</equip-vendor>
            <purpose>Standalone</purpose>
            <fqdn>a.b.c.d</fqdn>
            <aai-uri>/cloud-infrastructure/pservers/pserver/test-pserver1</aai-uri>
            <pserver-id>6bf4944a-9f13-4bb8-8f49-b61060793510</pserver-id>
            <aai-created-ts>1568997029298</aai-created-ts>
            <ipv4-oam-address>1.2.3.4</ipv4-oam-address>
            <source-of-truth>AAI</source-of-truth>
            <aai-node-type>pserver</aai-node-type>
            <hostname>test-pserver1</hostname>
            <equip-model>SomeModel</equip-model>
            <in-maint>false</in-maint>
            <aai-uuid>05fa7b64-59e4-44a1-8162-e32746659c77</aai-uuid>
            <resource-version>1568997029298</resource-version>
            <last-mod-source-of-truth>AAIRctFeed</last-mod-source-of-truth>
        </properties>
    </result>
    <result>
        <related-to></related-to>
        <node-type>pserver</node-type>
        <id>286724152</id>
        <url>/aai/v18/cloud-infrastructure/pservers/pserver/test-pserver2</url>
        <properties>
            <aai-last-mod-ts>1553805738492</aai-last-mod-ts>
            <hostname>test-pserver2</hostname>
            <in-maint>false</in-maint>
            <aai-uuid>13a8440c-7fb4-4f41-a141-6e1d9e895b4a</aai-uuid>
            <resource-version>1553805738492</resource-version>
            <aai-uri>/cloud-infrastructure/pservers/pserver/test-pserver2</aai-uri>
            <aai-created-ts>1553805738492</aai-created-ts>
            <last-mod-source-of-truth>JUNITTESTAPP2</last-mod-source-of-truth>
            <source-of-truth>JUNITTESTAPP2</source-of-truth>
            <aai-node-type>pserver</aai-node-type>
        </properties>
    </result>
</results>
